../Core/Src/main.c:213:5:main	8	static
../Core/Src/main.c:356:6:SystemClock_Config	96	static
../Core/Src/main.c:406:13:MX_TIM17_Init	8	static
../Core/Src/main.c:438:13:MX_USART2_UART_Init	8	static
../Core/Src/main.c:473:13:MX_GPIO_Init	48	static
../Core/Src/main.c:566:6:HAL_GPIO_EXTI_Callback	32	static
../Core/Src/main.c:601:1:__io_putchar	16	static
../Core/Src/main.c:611:5:random_wait	24	static
../Core/Src/main.c:632:6:Default_Task	16	static
../Core/Src/main.c:650:6:NotifyToggleTask	24	static
../Core/Src/main.c:672:6:SW_Timer_Task	16	static
../Core/Src/main.c:697:6:Mutex_CountUpTask	16	static
../Core/Src/main.c:725:6:Mutex_CountDownTask	16	static
../Core/Src/main.c:750:6:UpdateGlobDisplayProcess	16	static
../Core/Src/main.c:773:6:ResetGlobalTask	16	static
../Core/Src/main.c:801:6:StartDebounce	24	static
../Core/Src/main.c:833:6:Semaphore_Toggle_Task	16	static
../Core/Src/main.c:854:6:Semaphore_Toggle_D4	16	static
../Core/Src/main.c:874:6:Reset_MutexCount	16	static
../Core/Src/main.c:892:6:SW_Timer_Countdown	16	static
../Core/Src/main.c:911:6:SWTimer2_Callback	16	static
../Core/Src/main.c:928:6:HAL_TIM_PeriodElapsedCallback	16	static
../Core/Src/main.c:950:6:Error_Handler	4	static,ignoring_inline_asm
